  Determining projects to restore...
  Nothing to do. None of the projects specified contain packages to restore.
D:\karavalai_bank\Fiscus\Fiscus.vbproj(841,3): error MSB4019: The imported project "C:\Program Files\dotnet\sdk\10.0.102\Microsoft\VisualStudio\v18.0\WebApplications\Microsoft.WebApplication.targets" was not found. Confirm that the expression in the Import declaration "$(VSToolsPath)\WebApplications\Microsoft.WebApplication.targets", which evaluated to "C:\Program Files\dotnet\sdk\10.0.102\Microsoft\VisualStudio\v18.0\WebApplications\Microsoft.WebApplication.targets", is correct, and that the file exists on disk.

Build FAILED.

D:\karavalai_bank\Fiscus\Fiscus.vbproj(841,3): error MSB4019: The imported project "C:\Program Files\dotnet\sdk\10.0.102\Microsoft\VisualStudio\v18.0\WebApplications\Microsoft.WebApplication.targets" was not found. Confirm that the expression in the Import declaration "$(VSToolsPath)\WebApplications\Microsoft.WebApplication.targets", which evaluated to "C:\Program Files\dotnet\sdk\10.0.102\Microsoft\VisualStudio\v18.0\WebApplications\Microsoft.WebApplication.targets", is correct, and that the file exists on disk.
    0 Warning(s)
    1 Error(s)

Time Elapsed 00:00:00.78
